core_cm3.h:1639:22:void __NVIC_SetPriority(IRQn_Type, uint32_t)	16	static
core_cm3.h:1834:26:uint32_t SysTick_Config(uint32_t)	16	static
DP_SYSTICK.h:25:18:uint32_t Ct_SYSTICK::getCount()	16	static
DP_SYSTICK.cpp:12:1:Ct_SYSTICK::Ct_SYSTICK(uint32_t*)	16	static
DP_SYSTICK.cpp:22:9:int32_t Ct_SYSTICK::Update(uint32_t, uint32_t)	32	static
DP_SYSTICK.cpp:38:6:void Ct_SYSTICK::delay(uint32_t)	24	static
DP_SYSTICK.cpp:63:6:void SysTick_Handler()	4	static
DP_SYSTICK.cpp:70:1:void __static_initialization_and_destruction_0(int, int)	16	static
DP_SYSTICK.cpp:70:1:cpp)	8	static
